// Jest Snapshot v1, https://goo.gl/fbAQLP

exports[`matches snapshot 1`] = `
<DocumentFragment>
  <div>
    <form>
      <div>
        <label
          for="width"
        >
          width
        </label>
        <input
          id="width"
          name="width"
          type="text"
          value=""
        />
        <br />
      </div>
      <div>
        <label
          for="height"
        >
          height
        </label>
        <input
          id="height"
          name="height"
          type="text"
          value=""
        />
        <br />
      </div>
      <div>
        <label
          for="backgroundColor"
        >
          backgroundColor
        </label>
        <input
          id="backgroundColor"
          name="backgroundColor"
          type="text"
          value=""
        />
        <br />
      </div>
      <button>
        Create a Box
      </button>
    </form>
  </div>
</DocumentFragment>
`;
